Redpanda is already running at 127.0.0.1:9092
Resetting topics (attempt 1/10)...
Topics reset with expected partition counts
Resetting consumer groups...
Starting ingest-A...
ingest-A started (pid=385254, log=/tmp/tmp.02gqzSjMk1/ingest-A.log)
Starting ingest-B...
ingest-B started (pid=385255, log=/tmp/tmp.02gqzSjMk1/ingest-B.log)
Starting applier-A...
applier-A started (pid=385256, log=/tmp/tmp.02gqzSjMk1/applier-A.log)
Starting applier-B...
applier-B started (pid=385257, log=/tmp/tmp.02gqzSjMk1/applier-B.log)
Starting finalizer...
finalizer started (pid=385258, log=/tmp/tmp.02gqzSjMk1/finalizer.log)
ingest-A is healthy
ingest-B is healthy
applier-A is healthy
applier-B is healthy
Running harness...
{
  "baseline": "b4",
  "summary": {
    "accepted": 558,
    "finalized": 0,
    "finalize_timeouts": 558,
    "p50_accepted": 5560858,
    "p95_accepted": 5910265,
    "p99_accepted": 6121722,
    "p50_finalized": 0,
    "p95_finalized": 0,
    "p99_finalized": 0,
    "accepted_per_sec": 15.93386636634351,
    "finalized_per_sec": 0,
    "outcome_commit_patch": 0,
    "outcome_noop": 0,
    "outcome_fail": 0,
    "outcome_transform": 0,
    "outcome_unknown": 0
  },
  "arbitration": {
    "cert_count": 0,
    "cert_per_sec": 0,
    "final_record_count": 1,
    "final_per_sec": 0.028555316068715968,
    "merge_finalize_count": 0,
    "rebase_finalize_count": 1,
    "rebase_llm_finalize_count": 0,
    "auto_merge_rate": 0,
    "arb_outcome_commit_patch": 1,
    "arb_outcome_noop": 1,
    "arb_outcome_fail": 0,
    "arb_outcome_transform": 0
  },
  "verify_passed": true
}
E2E run passed
