Redpanda is already running at 127.0.0.1:9092
Resetting topics (attempt 1/10)...
Topics reset with expected partition counts
Resetting consumer groups...
Starting ingest-A...
ingest-A started (pid=378793, log=/tmp/tmp.BiUUsKtkv4/ingest-A.log)
Starting ingest-B...
ingest-B started (pid=378794, log=/tmp/tmp.BiUUsKtkv4/ingest-B.log)
Starting applier-A...
applier-A started (pid=378795, log=/tmp/tmp.BiUUsKtkv4/applier-A.log)
Starting applier-B...
applier-B started (pid=378796, log=/tmp/tmp.BiUUsKtkv4/applier-B.log)
Starting finalizer...
finalizer started (pid=378797, log=/tmp/tmp.BiUUsKtkv4/finalizer.log)
ingest-A is healthy
ingest-B is healthy
applier-A is healthy
applier-B is healthy
Running harness...
{
  "baseline": "b1",
  "summary": {
    "accepted": 1000,
    "finalized": 2,
    "finalize_timeouts": 998,
    "p50_accepted": 5575366,
    "p95_accepted": 5674415,
    "p99_accepted": 5961466,
    "p50_finalized": 25158284747,
    "p95_finalized": 25158284747,
    "p99_finalized": 25158284747,
    "accepted_per_sec": 28.56622743433328,
    "finalized_per_sec": 0.057132454868666555,
    "outcome_commit_patch": 1,
    "outcome_noop": 0,
    "outcome_fail": 1,
    "outcome_transform": 0,
    "outcome_unknown": 0
  },
  "arbitration": {
    "cert_count": 3429,
    "cert_per_sec": 97.95359387232881,
    "final_record_count": 1,
    "final_per_sec": 0.028566227434333277,
    "merge_finalize_count": 0,
    "rebase_finalize_count": 1,
    "rebase_llm_finalize_count": 0,
    "auto_merge_rate": 0,
    "arb_outcome_commit_patch": 1,
    "arb_outcome_noop": 0,
    "arb_outcome_fail": 1,
    "arb_outcome_transform": 0
  },
  "verify_passed": true
}
E2E run passed
