Redpanda is already running at 127.0.0.1:9092
Resetting topics (attempt 1/10)...
Topics reset with expected partition counts
Resetting consumer groups...
Starting ingest-A...
ingest-A started (pid=380671, log=/tmp/tmp.f3YMnRCs9H/ingest-A.log)
Starting ingest-B...
ingest-B started (pid=380672, log=/tmp/tmp.f3YMnRCs9H/ingest-B.log)
Starting applier-A...
applier-A started (pid=380673, log=/tmp/tmp.f3YMnRCs9H/applier-A.log)
Starting applier-B...
applier-B started (pid=380674, log=/tmp/tmp.f3YMnRCs9H/applier-B.log)
Starting finalizer...
finalizer started (pid=380675, log=/tmp/tmp.f3YMnRCs9H/finalizer.log)
ingest-A is healthy
ingest-B is healthy
applier-A is healthy
applier-B is healthy
Running harness...
{
  "baseline": "b2",
  "summary": {
    "accepted": 1000,
    "finalized": 330,
    "finalize_timeouts": 670,
    "p50_accepted": 5565095,
    "p95_accepted": 5642623,
    "p99_accepted": 5840770,
    "p50_finalized": 27608073649,
    "p95_finalized": 29799238286,
    "p99_finalized": 32114446449,
    "accepted_per_sec": 28.565264527678224,
    "finalized_per_sec": 9.426537294133814,
    "outcome_commit_patch": 240,
    "outcome_noop": 1,
    "outcome_fail": 89,
    "outcome_transform": 0,
    "outcome_unknown": 0
  },
  "arbitration": {
    "cert_count": 108,
    "cert_per_sec": 3.085048568989248,
    "final_record_count": 464,
    "final_per_sec": 13.254282740842696,
    "merge_finalize_count": 463,
    "rebase_finalize_count": 1,
    "rebase_llm_finalize_count": 0,
    "auto_merge_rate": 0.948076923076923,
    "arb_outcome_commit_patch": 663,
    "arb_outcome_noop": 1,
    "arb_outcome_fail": 262,
    "arb_outcome_transform": 0
  },
  "verify_passed": true
}
E2E run passed
