Redpanda is already running at 127.0.0.1:9092
Resetting topics (attempt 1/10)...
Topics reset with expected partition counts
Resetting consumer groups...
Starting ingest-A...
ingest-A started (pid=376276, log=/tmp/tmp.lsDj7VzKiE/ingest-A.log)
Starting ingest-B...
ingest-B started (pid=376277, log=/tmp/tmp.lsDj7VzKiE/ingest-B.log)
Starting applier-A...
applier-A started (pid=376278, log=/tmp/tmp.lsDj7VzKiE/applier-A.log)
Starting applier-B...
applier-B started (pid=376279, log=/tmp/tmp.lsDj7VzKiE/applier-B.log)
Starting finalizer...
finalizer started (pid=376280, log=/tmp/tmp.lsDj7VzKiE/finalizer.log)
ingest-A is healthy
ingest-B is healthy
applier-A is healthy
applier-B is healthy
Running harness...
{
  "baseline": "slx-l",
  "summary": {
    "accepted": 1000,
    "finalized": 234,
    "finalize_timeouts": 766,
    "p50_accepted": 5554268,
    "p95_accepted": 5621397,
    "p99_accepted": 5722357,
    "p50_finalized": 22737499950,
    "p95_finalized": 30350122970,
    "p99_finalized": 32586507324,
    "accepted_per_sec": 28.56522431815142,
    "finalized_per_sec": 6.684262490447432,
    "outcome_commit_patch": 165,
    "outcome_noop": 0,
    "outcome_fail": 69,
    "outcome_transform": 0,
    "outcome_unknown": 0
  },
  "arbitration": {
    "cert_count": 417,
    "cert_per_sec": 11.911698540669141,
    "final_record_count": 383,
    "final_per_sec": 10.940480913851994,
    "merge_finalize_count": 382,
    "rebase_finalize_count": 1,
    "rebase_llm_finalize_count": 0,
    "auto_merge_rate": 0.8167838312829525,
    "arb_outcome_commit_patch": 545,
    "arb_outcome_noop": 0,
    "arb_outcome_fail": 219,
    "arb_outcome_transform": 0
  },
  "verify_passed": true
}
E2E run passed
