Redpanda is already running at 127.0.0.1:9092
Resetting topics (attempt 1/10)...
Topics reset with expected partition counts
Resetting consumer groups...
Starting ingest-A...
ingest-A started (pid=374339, log=/tmp/tmp.Huq459MZ6N/ingest-A.log)
Starting ingest-B...
ingest-B started (pid=374340, log=/tmp/tmp.Huq459MZ6N/ingest-B.log)
Starting applier-A...
applier-A started (pid=374341, log=/tmp/tmp.Huq459MZ6N/applier-A.log)
Starting applier-B...
applier-B started (pid=374342, log=/tmp/tmp.Huq459MZ6N/applier-B.log)
Starting finalizer...
finalizer started (pid=374345, log=/tmp/tmp.Huq459MZ6N/finalizer.log)
ingest-A is healthy
ingest-B is healthy
applier-A is healthy
applier-B is healthy
Running harness...
{
  "baseline": "slx",
  "summary": {
    "accepted": 1000,
    "finalized": 483,
    "finalize_timeouts": 517,
    "p50_accepted": 5641394,
    "p95_accepted": 5767825,
    "p99_accepted": 6045223,
    "p50_finalized": 2693227217,
    "p95_finalized": 4953096762,
    "p99_finalized": 5211283189,
    "accepted_per_sec": 28.565693279669418,
    "finalized_per_sec": 13.797229854080328,
    "outcome_commit_patch": 352,
    "outcome_noop": 0,
    "outcome_fail": 131,
    "outcome_transform": 0,
    "outcome_unknown": 0
  },
  "arbitration": {
    "cert_count": 17,
    "cert_per_sec": 0.48561678575438005,
    "final_record_count": 328,
    "final_per_sec": 9.36954739573157,
    "merge_finalize_count": 316,
    "rebase_finalize_count": 12,
    "rebase_llm_finalize_count": 0,
    "auto_merge_rate": 0.919047619047619,
    "arb_outcome_commit_patch": 484,
    "arb_outcome_noop": 0,
    "arb_outcome_fail": 172,
    "arb_outcome_transform": 0
  },
  "verify_passed": true
}
E2E run passed
