Redpanda is already running at 127.0.0.1:9092
Resetting topics (attempt 1/10)...
Topics reset with expected partition counts
Resetting consumer groups...
Starting ingest-A...
ingest-A started (pid=413347, log=/tmp/tmp.SEY8eOCOnp/ingest-A.log)
Starting ingest-B...
ingest-B started (pid=413348, log=/tmp/tmp.SEY8eOCOnp/ingest-B.log)
Starting applier-A...
applier-A started (pid=413349, log=/tmp/tmp.SEY8eOCOnp/applier-A.log)
Starting applier-B...
applier-B started (pid=413350, log=/tmp/tmp.SEY8eOCOnp/applier-B.log)
Starting finalizer...
finalizer started (pid=413351, log=/tmp/tmp.SEY8eOCOnp/finalizer.log)
ingest-A is healthy
ingest-B is healthy
applier-A is healthy
applier-B is healthy
Running harness...
{
  "baseline": "b4",
  "summary": {
    "accepted": 558,
    "finalized": 0,
    "finalize_timeouts": 558,
    "p50_accepted": 5565020,
    "p95_accepted": 5918155,
    "p99_accepted": 6108506,
    "p50_finalized": 0,
    "p95_finalized": 0,
    "p99_finalized": 0,
    "accepted_per_sec": 15.936140153122851,
    "finalized_per_sec": 0,
    "outcome_commit_patch": 0,
    "outcome_noop": 0,
    "outcome_fail": 0,
    "outcome_transform": 0,
    "outcome_unknown": 0
  },
  "arbitration": {
    "cert_count": 0,
    "cert_per_sec": 0,
    "final_record_count": 0,
    "final_per_sec": 0,
    "merge_finalize_count": 0,
    "rebase_finalize_count": 0,
    "rebase_llm_finalize_count": 0,
    "auto_merge_rate": 0,
    "arb_outcome_commit_patch": 0,
    "arb_outcome_noop": 0,
    "arb_outcome_fail": 0,
    "arb_outcome_transform": 0
  },
  "verify_passed": true
}
E2E run passed
