Redpanda is already running at 127.0.0.1:9092
Resetting topics (attempt 1/10)...
Topics were not fully deleted yet; retrying...
Resetting topics (attempt 2/10)...
Topic creation race detected; retrying reset...
Resetting topics (attempt 3/10)...
Topics reset with expected partition counts
Resetting consumer groups...
Starting ingest-A...
ingest-A started (pid=400437, log=/tmp/tmp.xSB57wdfMK/ingest-A.log)
Starting ingest-B...
ingest-B started (pid=400438, log=/tmp/tmp.xSB57wdfMK/ingest-B.log)
Starting applier-A...
applier-A started (pid=400439, log=/tmp/tmp.xSB57wdfMK/applier-A.log)
Starting applier-B...
applier-B started (pid=400440, log=/tmp/tmp.xSB57wdfMK/applier-B.log)
Starting finalizer...
finalizer started (pid=400441, log=/tmp/tmp.xSB57wdfMK/finalizer.log)
ingest-A is healthy
ingest-B is healthy
applier-A is healthy
applier-B is healthy
Running harness...
{
  "baseline": "b1",
  "summary": {
    "accepted": 1000,
    "finalized": 25,
    "finalize_timeouts": 975,
    "p50_accepted": 5623211,
    "p95_accepted": 5816484,
    "p99_accepted": 6087091,
    "p50_finalized": 5560609651,
    "p95_finalized": 13895230916,
    "p99_finalized": 22602283793,
    "accepted_per_sec": 28.56631283777227,
    "finalized_per_sec": 0.7141578209443068,
    "outcome_commit_patch": 16,
    "outcome_noop": 0,
    "outcome_fail": 9,
    "outcome_transform": 0,
    "outcome_unknown": 0
  },
  "arbitration": {
    "cert_count": 8060,
    "cert_per_sec": 230.2444814724445,
    "final_record_count": 42,
    "final_per_sec": 1.1997851391864354,
    "merge_finalize_count": 0,
    "rebase_finalize_count": 42,
    "rebase_llm_finalize_count": 0,
    "auto_merge_rate": 0,
    "arb_outcome_commit_patch": 57,
    "arb_outcome_noop": 0,
    "arb_outcome_fail": 27,
    "arb_outcome_transform": 0
  },
  "verify_passed": true
}
E2E run passed
