Redpanda is already running at 127.0.0.1:9092
Resetting topics (attempt 1/10)...
Topics reset with expected partition counts
Resetting consumer groups...
Starting ingest-A...
ingest-A started (pid=411517, log=/tmp/tmp.k9JpFnCJDw/ingest-A.log)
Starting ingest-B...
ingest-B started (pid=411518, log=/tmp/tmp.k9JpFnCJDw/ingest-B.log)
Starting applier-A...
applier-A started (pid=411519, log=/tmp/tmp.k9JpFnCJDw/applier-A.log)
Starting applier-B...
applier-B started (pid=411520, log=/tmp/tmp.k9JpFnCJDw/applier-B.log)
Starting finalizer...
finalizer started (pid=411521, log=/tmp/tmp.k9JpFnCJDw/finalizer.log)
ingest-A is healthy
ingest-B is healthy
applier-A is healthy
applier-B is healthy
Running harness...
{
  "baseline": "b3",
  "summary": {
    "accepted": 1000,
    "finalized": 0,
    "finalize_timeouts": 1000,
    "p50_accepted": 5573746,
    "p95_accepted": 5667245,
    "p99_accepted": 5797852,
    "p50_finalized": 0,
    "p95_finalized": 0,
    "p99_finalized": 0,
    "accepted_per_sec": 28.56573159168199,
    "finalized_per_sec": 0,
    "outcome_commit_patch": 0,
    "outcome_noop": 0,
    "outcome_fail": 0,
    "outcome_transform": 0,
    "outcome_unknown": 0
  },
  "arbitration": {
    "cert_count": 3172,
    "cert_per_sec": 90.61050060881527,
    "final_record_count": 1,
    "final_per_sec": 0.02856573159168199,
    "merge_finalize_count": 0,
    "rebase_finalize_count": 1,
    "rebase_llm_finalize_count": 0,
    "auto_merge_rate": 0,
    "arb_outcome_commit_patch": 1,
    "arb_outcome_noop": 1,
    "arb_outcome_fail": 0,
    "arb_outcome_transform": 0
  },
  "verify_passed": true
}
E2E run passed
