Redpanda is already running at 127.0.0.1:9092
Resetting topics (attempt 1/10)...
Topics reset with expected partition counts
Resetting consumer groups...
Starting ingest-A...
ingest-A started (pid=389996, log=/tmp/tmp.t8huafk2Tf/ingest-A.log)
Starting ingest-B...
ingest-B started (pid=389997, log=/tmp/tmp.t8huafk2Tf/ingest-B.log)
Starting applier-A...
applier-A started (pid=389998, log=/tmp/tmp.t8huafk2Tf/applier-A.log)
Starting applier-B...
applier-B started (pid=389999, log=/tmp/tmp.t8huafk2Tf/applier-B.log)
Starting finalizer...
finalizer started (pid=390000, log=/tmp/tmp.t8huafk2Tf/finalizer.log)
ingest-A is healthy
ingest-B is healthy
applier-A is healthy
applier-B is healthy
Running harness...
{
  "baseline": "slx-l",
  "summary": {
    "accepted": 1000,
    "finalized": 221,
    "finalize_timeouts": 779,
    "p50_accepted": 5575259,
    "p95_accepted": 5709514,
    "p99_accepted": 5878818,
    "p50_finalized": 23165440912,
    "p95_finalized": 32058132851,
    "p99_finalized": 34566186789,
    "accepted_per_sec": 28.565812673037616,
    "finalized_per_sec": 6.313044600741313,
    "outcome_commit_patch": 162,
    "outcome_noop": 0,
    "outcome_fail": 59,
    "outcome_transform": 0,
    "outcome_unknown": 0
  },
  "arbitration": {
    "cert_count": 247,
    "cert_per_sec": 7.055755730240292,
    "final_record_count": 259,
    "final_per_sec": 7.398545482316743,
    "merge_finalize_count": 252,
    "rebase_finalize_count": 7,
    "rebase_llm_finalize_count": 0,
    "auto_merge_rate": 0.8957365977205572,
    "arb_outcome_commit_patch": 382,
    "arb_outcome_noop": 0,
    "arb_outcome_fail": 134,
    "arb_outcome_transform": 0
  },
  "verify_passed": true
}
E2E run passed
