Redpanda is already running at 127.0.0.1:9092
Resetting topics (attempt 1/10)...
Topics reset with expected partition counts
Resetting consumer groups...
Starting ingest-A...
ingest-A started (pid=387234, log=/tmp/tmp.qr6pPSv5Xn/ingest-A.log)
Starting ingest-B...
ingest-B started (pid=387235, log=/tmp/tmp.qr6pPSv5Xn/ingest-B.log)
Starting applier-A...
applier-A started (pid=387236, log=/tmp/tmp.qr6pPSv5Xn/applier-A.log)
Starting applier-B...
applier-B started (pid=387237, log=/tmp/tmp.qr6pPSv5Xn/applier-B.log)
Starting finalizer...
finalizer started (pid=387238, log=/tmp/tmp.qr6pPSv5Xn/finalizer.log)
ingest-A is healthy
ingest-B is healthy
applier-A is healthy
applier-B is healthy
Running harness...
{
  "baseline": "slx",
  "summary": {
    "accepted": 1000,
    "finalized": 201,
    "finalize_timeouts": 799,
    "p50_accepted": 5553244,
    "p95_accepted": 5637880,
    "p99_accepted": 5712091,
    "p50_finalized": 22443559605,
    "p95_finalized": 30461397541,
    "p99_finalized": 31645096275,
    "accepted_per_sec": 28.566081768124917,
    "finalized_per_sec": 5.741782435393109,
    "outcome_commit_patch": 136,
    "outcome_noop": 0,
    "outcome_fail": 65,
    "outcome_transform": 0,
    "outcome_unknown": 0
  },
  "arbitration": {
    "cert_count": 350,
    "cert_per_sec": 9.99812861884372,
    "final_record_count": 682,
    "final_per_sec": 19.482067765861196,
    "merge_finalize_count": 682,
    "rebase_finalize_count": 0,
    "rebase_llm_finalize_count": 0,
    "auto_merge_rate": 0.8382624768946395,
    "arb_outcome_commit_patch": 856,
    "arb_outcome_noop": 0,
    "arb_outcome_fail": 506,
    "arb_outcome_transform": 0
  },
  "verify_passed": true
}
E2E run passed
