Redpanda is already running at 127.0.0.1:9092
Resetting topics (attempt 1/10)...
Topics reset with expected partition counts
Resetting consumer groups...
Starting ingest-A...
ingest-A started (pid=422559, log=/tmp/tmp.xFLPZzNAKM/ingest-A.log)
Starting ingest-B...
ingest-B started (pid=422560, log=/tmp/tmp.xFLPZzNAKM/ingest-B.log)
Starting applier-A...
applier-A started (pid=422561, log=/tmp/tmp.xFLPZzNAKM/applier-A.log)
Starting applier-B...
applier-B started (pid=422562, log=/tmp/tmp.xFLPZzNAKM/applier-B.log)
Starting finalizer...
finalizer started (pid=422563, log=/tmp/tmp.xFLPZzNAKM/finalizer.log)
ingest-A is healthy
ingest-B is healthy
applier-A is healthy
applier-B is healthy
Running harness...
{
  "baseline": "b3",
  "summary": {
    "accepted": 1000,
    "finalized": 0,
    "finalize_timeouts": 1000,
    "p50_accepted": 5543961,
    "p95_accepted": 5643631,
    "p99_accepted": 5785356,
    "p50_finalized": 0,
    "p95_finalized": 0,
    "p99_finalized": 0,
    "accepted_per_sec": 28.565919513057445,
    "finalized_per_sec": 0,
    "outcome_commit_patch": 0,
    "outcome_noop": 0,
    "outcome_fail": 0,
    "outcome_transform": 0,
    "outcome_unknown": 0
  },
  "arbitration": {
    "cert_count": 2132,
    "cert_per_sec": 60.90254040183847,
    "final_record_count": 0,
    "final_per_sec": 0,
    "merge_finalize_count": 0,
    "rebase_finalize_count": 0,
    "rebase_llm_finalize_count": 0,
    "auto_merge_rate": 0,
    "arb_outcome_commit_patch": 0,
    "arb_outcome_noop": 0,
    "arb_outcome_fail": 0,
    "arb_outcome_transform": 0
  },
  "verify_passed": true
}
E2E run passed
