Redpanda is already running at 127.0.0.1:9092
Resetting topics (attempt 1/10)...
Topics reset with expected partition counts
Resetting consumer groups...
Starting ingest-A...
ingest-A started (pid=415204, log=/tmp/tmp.E3bvi6PVhl/ingest-A.log)
Starting ingest-B...
ingest-B started (pid=415205, log=/tmp/tmp.E3bvi6PVhl/ingest-B.log)
Starting applier-A...
applier-A started (pid=415206, log=/tmp/tmp.E3bvi6PVhl/applier-A.log)
Starting applier-B...
applier-B started (pid=415207, log=/tmp/tmp.E3bvi6PVhl/applier-B.log)
Starting finalizer...
finalizer started (pid=415208, log=/tmp/tmp.E3bvi6PVhl/finalizer.log)
ingest-A is healthy
ingest-B is healthy
applier-A is healthy
applier-B is healthy
Running harness...
{
  "baseline": "slx",
  "summary": {
    "accepted": 1000,
    "finalized": 0,
    "finalize_timeouts": 1000,
    "p50_accepted": 5555598,
    "p95_accepted": 5629861,
    "p99_accepted": 5739444,
    "p50_finalized": 0,
    "p95_finalized": 0,
    "p99_finalized": 0,
    "accepted_per_sec": 28.56587886756963,
    "finalized_per_sec": 0,
    "outcome_commit_patch": 0,
    "outcome_noop": 0,
    "outcome_fail": 0,
    "outcome_transform": 0,
    "outcome_unknown": 0
  },
  "arbitration": {
    "cert_count": 2251,
    "cert_per_sec": 64.30179333089924,
    "final_record_count": 0,
    "final_per_sec": 0,
    "merge_finalize_count": 0,
    "rebase_finalize_count": 0,
    "rebase_llm_finalize_count": 0,
    "auto_merge_rate": 0,
    "arb_outcome_commit_patch": 0,
    "arb_outcome_noop": 0,
    "arb_outcome_fail": 0,
    "arb_outcome_transform": 0
  },
  "verify_passed": true
}
E2E run passed
