Redpanda is already running at 127.0.0.1:9092
Resetting topics (attempt 1/10)...
Topics reset with expected partition counts
Resetting consumer groups...
Starting ingest-A...
ingest-A started (pid=433496, log=/tmp/tmp.KPSCB0euUL/ingest-A.log)
Starting ingest-B...
ingest-B started (pid=433497, log=/tmp/tmp.KPSCB0euUL/ingest-B.log)
Starting applier-A...
applier-A started (pid=433498, log=/tmp/tmp.KPSCB0euUL/applier-A.log)
Starting applier-B...
applier-B started (pid=433499, log=/tmp/tmp.KPSCB0euUL/applier-B.log)
Starting finalizer...
finalizer started (pid=433500, log=/tmp/tmp.KPSCB0euUL/finalizer.log)
ingest-A is healthy
ingest-B is healthy
applier-A is healthy
applier-B is healthy
Running harness...
{
  "baseline": "b3",
  "summary": {
    "accepted": 1000,
    "finalized": 0,
    "finalize_timeouts": 1000,
    "p50_accepted": 5561416,
    "p95_accepted": 5646990,
    "p99_accepted": 5745561,
    "p50_finalized": 0,
    "p95_finalized": 0,
    "p99_finalized": 0,
    "accepted_per_sec": 28.565043115573904,
    "finalized_per_sec": 0,
    "outcome_commit_patch": 0,
    "outcome_noop": 0,
    "outcome_fail": 0,
    "outcome_transform": 0,
    "outcome_unknown": 0
  },
  "arbitration": {
    "cert_count": 2064,
    "cert_per_sec": 58.95824899054454,
    "final_record_count": 1,
    "final_per_sec": 0.028565043115573903,
    "merge_finalize_count": 0,
    "rebase_finalize_count": 1,
    "rebase_llm_finalize_count": 0,
    "auto_merge_rate": 0,
    "arb_outcome_commit_patch": 0,
    "arb_outcome_noop": 1,
    "arb_outcome_fail": 1,
    "arb_outcome_transform": 0
  },
  "verify_passed": true
}
E2E run passed
