Redpanda is already running at 127.0.0.1:9092
Resetting topics (attempt 1/10)...
Topics reset with expected partition counts
Resetting consumer groups...
Starting ingest-A...
ingest-A started (pid=431580, log=/tmp/tmp.ArVeS5UxlW/ingest-A.log)
Starting ingest-B...
ingest-B started (pid=431581, log=/tmp/tmp.ArVeS5UxlW/ingest-B.log)
Starting applier-A...
applier-A started (pid=431582, log=/tmp/tmp.ArVeS5UxlW/applier-A.log)
Starting applier-B...
applier-B started (pid=431583, log=/tmp/tmp.ArVeS5UxlW/applier-B.log)
Starting finalizer...
finalizer started (pid=431584, log=/tmp/tmp.ArVeS5UxlW/finalizer.log)
ingest-A is healthy
ingest-B is healthy
applier-A is healthy
applier-B is healthy
Running harness...
{
  "baseline": "b2",
  "summary": {
    "accepted": 1000,
    "finalized": 25,
    "finalize_timeouts": 975,
    "p50_accepted": 5568152,
    "p95_accepted": 5744250,
    "p99_accepted": 5989529,
    "p50_finalized": 23169050041,
    "p95_finalized": 23858528819,
    "p99_finalized": 24265028408,
    "accepted_per_sec": 28.56557645604233,
    "finalized_per_sec": 0.7141394114010582,
    "outcome_commit_patch": 0,
    "outcome_noop": 16,
    "outcome_fail": 9,
    "outcome_transform": 0,
    "outcome_unknown": 0
  },
  "arbitration": {
    "cert_count": 7796,
    "cert_per_sec": 222.697234051306,
    "final_record_count": 47,
    "final_per_sec": 1.3425820934339894,
    "merge_finalize_count": 0,
    "rebase_finalize_count": 47,
    "rebase_llm_finalize_count": 0,
    "auto_merge_rate": 0,
    "arb_outcome_commit_patch": 0,
    "arb_outcome_noop": 47,
    "arb_outcome_fail": 47,
    "arb_outcome_transform": 0
  },
  "verify_passed": true
}
E2E run passed
